// Jest Snapshot v1, https://goo.gl/fbAQLP

exports[`App component renders App 1`] = `
<DocumentFragment>
  <div
    class="main"
  >
    <header
      style="height: 120px; border: 3px solid black; color: white; background: black; font-family: fantasy;"
    >
      <h1
        style="text-align: center;"
      >
        Search Articles
      </h1>
      <form
        style="text-align: center;"
      >
        <input
          placeholder="Search articles"
        />
      </form>
    </header>
    Loading...
  </div>
</DocumentFragment>
`;


